../Core/Src/main.c:111:13:TFT_DrawStaticFrame	16	static
../Core/Src/main.c:146:13:TFT_UpdateAllValues	40	static
../Core/Src/main.c:196:13:Buzzer_Beep	24	static
../Core/Src/main.c:212:5:main	160	static
../Core/Src/main.c:321:6:SystemClock_Config	88	static
../Core/Src/main.c:364:6:HAL_CAN_RxFifo0MsgPendingCallback	56	static
../Core/Src/main.c:401:13:Task_TFT_Update	16	static
../Core/Src/main.c:420:13:Task_ThresholdCheck	24	static
../Core/Src/main.c:516:13:Task_BuzzerHandler	24	static
../Core/Src/main.c:536:6:Error_Handler	8	static,ignoring_inline_asm
