../Core/Src/main.c:95:13:UART_Log	16	static
../Core/Src/main.c:101:13:Buzzer_Beep	24	static
../Core/Src/main.c:112:13:DTC_Transmit	48	static
../Core/Src/main.c:131:14:MAX6675_ReadTemp	16	static
../Core/Src/main.c:154:5:main	192	static
../Core/Src/main.c:262:6:SystemClock_Config	88	static
../Core/Src/main.c:303:13:Task_SensorRead	32	static
../Core/Src/main.c:363:13:Task_CANTransmit	192	static
../Core/Src/main.c:444:16:Button_PressDetected	8	static
../Core/Src/main.c:462:13:Task_FaultDetect	128	static
../Core/Src/main.c:583:13:Task_LEDHeartbeat	16	static
../Core/Src/main.c:603:6:Error_Handler	8	static,ignoring_inline_asm
