../Core/Src/main.c:79:13:UART_Log	16	static
../Core/Src/main.c:83:13:Buzzer_Beep	24	static
../Core/Src/main.c:92:13:DTC_Transmit	48	static
../Core/Src/main.c:106:14:MAX6675_ReadTemp	16	static
../Core/Src/main.c:127:5:main	192	static
../Core/Src/main.c:168:13:Task_SensorRead	32	static
../Core/Src/main.c:204:13:Task_CANTransmit	216	static
../Core/Src/main.c:233:16:Button_PressDetected	8	static
../Core/Src/main.c:245:13:Task_FaultDetect	24	static
../Core/Src/main.c:289:13:Task_LEDHeartbeat	16	static
../Core/Src/main.c:304:6:SystemClock_Config	88	static
../Core/Src/main.c:326:6:Error_Handler	8	static,ignoring_inline_asm
