../Core/Src/main.c:136:5:main	24	static
../Core/Src/main.c:173:13:TFT_WriteCmd	16	static
../Core/Src/main.c:179:13:TFT_WriteData	16	static
../Core/Src/main.c:185:13:TFT_Init	8	static
../Core/Src/main.c:193:13:TFT_SetWindow	24	static
../Core/Src/main.c:201:13:TFT_FillRect	32	static
../Core/Src/main.c:211:13:TFT_DrawChar	40	static
../Core/Src/main.c:224:13:TFT_DrawString	32	static
../Core/Src/main.c:232:13:TFT_DrawUI_Static	16	static
../Core/Src/main.c:237:13:TFT_UpdateValues	32	static
../Core/Src/main.c:244:17:ADC_ReadRPM	16	static
../Core/Src/main.c:252:13:CAN_SendFrame	56	static
../Core/Src/main.c:263:13:SystemClock_Config	88	static
../Core/Src/main.c:282:13:MX_GPIO_Init	48	static
../Core/Src/main.c:298:13:MX_ADC1_Init	32	static
../Core/Src/main.c:309:13:MX_SPI1_Init	16	static
../Core/Src/main.c:322:13:MX_CAN1_Init	56	static
../Core/Src/main.c:335:6:Error_Handler	4	static
