11:40:20 **** Incremental Build of configuration Debug for project Dashboard_ECU ****
make -j8 all 
arm-none-eabi-gcc "../Core/Src/main.c" -mcpu=cortex-m4 -std=gnu11 -g3 -DDEBUG -DUSE_HAL_DRIVER -DSTM32F407xx -c -I../Core/Inc -I../Drivers/STM32F4xx_HAL_Driver/Inc -I../Drivers/STM32F4xx_HAL_Driver/Inc/Legacy -I../Drivers/CMSIS/Device/ST/STM32F4xx/Include -I../Drivers/CMSIS/Include -I../Middlewares/Third_Party/FreeRTOS/Source/include -I../Middlewares/Third_Party/FreeRTOS/Source/CMSIS_RTOS_V2 -I../Middlewares/Third_Party/FreeRTOS/Source/portable/GCC/ARM_CM4F -O0 -ffunction-sections -fdata-sections -Wall -fstack-usage -fcyclomatic-complexity -MMD -MP -MF"Core/Src/main.d" -MT"Core/Src/main.o" --specs=nano.specs -mfpu=fpv4-sp-d16 -mfloat-abi=hard -mthumb -o "Core/Src/main.o"
arm-none-eabi-gcc -o "Dashboard_ECU.elf" @"objects.list"   -mcpu=cortex-m4 -T"C:\Users\ADMIN\STM32CubeIDE\workspace_ECU\Dashboard_ECU\STM32F407VGTX_FLASH.ld" --specs=nosys.specs -Wl,-Map="Dashboard_ECU.map" -Wl,--gc-sections -static -u _printf_float --specs=nano.specs -mfpu=fpv4-sp-d16 -mfloat-abi=hard -mthumb -Wl,--start-group -lc -lm -Wl,--end-group
Finished building target: Dashboard_ECU.elf
 
arm-none-eabi-size  Dashboard_ECU.elf 
arm-none-eabi-objdump -h -S Dashboard_ECU.elf  > "Dashboard_ECU.list"
   text	   data	    bss	    dec	    hex	filename
  43728	    504	  20896	  65128	   fe68	Dashboard_ECU.elf
Finished building: default.size.stdout
 
Finished building: Dashboard_ECU.list
 
11:41:40 **** Incremental Build of configuration Debug for project Dashboard_ECU ****
make -j8 all 
arm-none-eabi-gcc "../Core/Src/main.c" -mcpu=cortex-m4 -std=gnu11 -g3 -DDEBUG -DUSE_HAL_DRIVER -DSTM32F407xx -c -I../Core/Inc -I../Drivers/STM32F4xx_HAL_Driver/Inc -I../Drivers/STM32F4xx_HAL_Driver/Inc/Legacy -I../Drivers/CMSIS/Device/ST/STM32F4xx/Include -I../Drivers/CMSIS/Include -I../Middlewares/Third_Party/FreeRTOS/Source/include -I../Middlewares/Third_Party/FreeRTOS/Source/CMSIS_RTOS_V2 -I../Middlewares/Third_Party/FreeRTOS/Source/portable/GCC/ARM_CM4F -O0 -ffunction-sections -fdata-sections -Wall -fstack-usage -fcyclomatic-complexity -MMD -MP -MF"Core/Src/main.d" -MT"Core/Src/main.o" --specs=nano.specs -mfpu=fpv4-sp-d16 -mfloat-abi=hard -mthumb -o "Core/Src/main.o"
arm-none-eabi-gcc -o "Dashboard_ECU.elf" @"objects.list"   -mcpu=cortex-m4 -T"C:\Users\ADMIN\STM32CubeIDE\workspace_ECU\Dashboard_ECU\STM32F407VGTX_FLASH.ld" --specs=nosys.specs -Wl,-Map="Dashboard_ECU.map" -Wl,--gc-sections -static -u _printf_float --specs=nano.specs -mfpu=fpv4-sp-d16 -mfloat-abi=hard -mthumb -Wl,--start-group -lc -lm -Wl,--end-group
Finished building target: Dashboard_ECU.elf
 
arm-none-eabi-size  Dashboard_ECU.elf 
arm-none-eabi-objdump -h -S Dashboard_ECU.elf  > "Dashboard_ECU.list"
   text	   data	    bss	    dec	    hex	filename
  43728	    504	  20896	  65128	   fe68	Dashboard_ECU.elf
Finished building: default.size.stdout
 
Finished building: Dashboard_ECU.list
 
