04:12:08 **** Incremental Build of configuration Debug for project Engine_ECU ****
make -j8 all 
arm-none-eabi-size  Engine_ECU.elf 
   text	   data	    bss	    dec	    hex	filename
  46336	    500	  21020	  67856	  10910	Engine_ECU.elf
Finished building: default.size.stdout
 
04:45:21 **** Incremental Build of configuration Debug for project Engine_ECU ****
make -j8 all 
arm-none-eabi-size  Engine_ECU.elf 
   text	   data	    bss	    dec	    hex	filename
  46336	    500	  21020	  67856	  10910	Engine_ECU.elf
Finished building: default.size.stdout
 
